[METADATA] Number of videos before filtering: 39106
----------------------------------------


PD labels found in dataset: ['no' 'yes' 'Unlikely' 'Possible' 'Probable' nan]
[METADATA] Number of videos after filtering no PD label: 39036
----------------------------------------


[METADATA] Number of videos after filtering invalide age: 38379
----------------------------------------


Task names found in dataset: ['ahhhh' 'disgust' 'eeeee' 'extend_arm' 'eye_gaze' 'finger_tapping_left'
 'finger_tapping_right' 'flip_palm_left' 'flip_palm_right' 'head pose'
 'nose_touch_left' 'nose_touch_right' 'ooooo' 'open_fist_left'
 'open_fist_right' 'quick_brown_fox' 'reverse_count' 'smile' 'surprise'
 'tongue_twister' 'finger_tapping' 'flip_palm' 'nose_touch' 'open_fist']
[METADATA] Number of videos after filtering tasks: 34425
----------------------------------------


Number of existing videos in folder: 37791
Number of filenames in metadata: 34425
Number of missing videos: 1578
[METADATA] Number of videos after filtering non-existing videos: 32847
----------------------------------------


Number of unique Participant_IDs before correction: 1897
Number of unique Participant_IDs after correction: 1888
['Female' 'Male' 'Unknown' 'Other']
----------------------------------------


['white' 'Black or African American' 'American Indian or Alaska Native'
 'Unknown' 'Asian' 'Other' 'Native Hawaiian or Other Pacific Islander']
----------------------------------------


Cleaned metadata saved to: /localdisk1/PARK/park_video_benchmarking/data/metadata/cleaned_file_user_metadata.csv
----------------------------------------


PD labels found in dataset (after filtering None values): ['no' 'yes']
----------------------------------------


N = 1888
self-reported PD = 445
clinically-verified PD = 282
Total PD = 727
Total Non-PD = 1161
----------------------------------------


Data frequency across protocols:
Number of videos for protocol SuperPD: 982
Number of videos for protocol SuperPD_old: 4244
Number of videos for protocol ValorPD: 4636
Number of videos for protocol ClusterPD: 1575
Number of videos for protocol InMotion: 3385
Number of videos for protocol RoutePD: 2873
Number of videos for protocol ValidationStudy: 1510
Number of videos for protocol ParkTest: 13642
Total videos counted: 32847
----------------------------------------


